1 {'identifier': 'GTW01', 'manufacturerName': 'Sagemcom', 'startTime': 1664978168, 'endTime': 1664978668, 'wifiAggregate': {'deviceType': 'PC', 'minRSSI': -76, 'avgRSSI': -54, 'maxRSSI': -40, 'countBandChange': 1}, 'anomalies_report': [{'eventTime': 1664978268, 'deviceType': 'PC', 'rssi': -76, 'connection': '2_4GHZ'}]}
2 {'identifier': 'GTW02', 'manufacturerName': 'Sagemcom', 'startTime': 1664975456, 'endTime': 1664980956, 'wifiAggregate': {'deviceType': 'IPhone', 'minRSSI': -84, 'avgRSSI': -71, 'maxRSSI': -57, 'countBandChange': 2}, 'anomalies_report': [{'eventTime': 1664975456, 'deviceType': 'IPhone', 'rssi': -84, 'connection': '5GHZ'}, {'eventTime': 1664976556, 'deviceType': 'IPhone', 'rssi': -82, 'connection': '5GHZ'}, {'eventTime': 1664977656, 'deviceType': 'IPhone', 'rssi': -78, 'connection': '6GHZ'}]}
3 {'identifier': 'GTW03', 'manufacturerName': 'Sagemcom', 'startTime': 1665063797, 'endTime': 1665068797, 'wifiAggregate': {'deviceType': 'Google_Home', 'minRSSI': -69, 'avgRSSI': -66, 'maxRSSI': -62, 'countBandChange': 0}, 'anomalies_report': []}
4 {'identifier': 'GTW04', 'manufacturerName': 'Sagemcom', 'startTime': 1664979556, 'endTime': 1665065714, 'wifiAggregate': {'deviceType': 'Sonos', 'minRSSI': -89, 'avgRSSI': -81, 'maxRSSI': -72, 'countBandChange': 1}, 'anomalies_report': [{'eventTime': 1665065714, 'deviceType': 'Sonos', 'rssi': -84, 'connection': '2_4GHZ'}, {'eventTime': 1664979556, 'deviceType': 'Sonos', 'rssi': -82, 'connection': '2_4GHZ'}, {'eventTime': 1664979656, 'deviceType': 'Sonos', 'rssi': -76, 'connection': '2_4GHZ'}, {'eventTime': 1664979756, 'deviceType': 'Sonos', 'rssi': -72, 'connection': '2_4GHZ'}, {'eventTime': 1664979856, 'deviceType': 'Sonos', 'rssi': -89, 'connection': '5GHZ'}, {'eventTime': 1664979956, 'deviceType': 'Sonos', 'rssi': -83, 'connection': '5GHZ'}]}
5 {'identifier': 'GTW05', 'manufacturerName': 'Sagemcom', 'startTime': 1665060975, 'endTime': 1665065975, 'wifiAggregate': {'deviceType': 'RedMi', 'minRSSI': -90, 'avgRSSI': -80, 'maxRSSI': -63, 'countBandChange': 1}, 'anomalies_report': [{'eventTime': 1665061975, 'deviceType': 'RedMi', 'rssi': -76, 'connection': '2_4GHZ'}, {'eventTime': 1665062975, 'deviceType': 'RedMi', 'rssi': -81, 'connection': '2_4GHZ'}, {'eventTime': 1665063975, 'deviceType': 'RedMi', 'rssi': -86, 'connection': '2_4GHZ'}, {'eventTime': 1665064975, 'deviceType': 'RedMi', 'rssi': -82, 'connection': '2_4GHZ'}, {'eventTime': 1665065975, 'deviceType': 'RedMi', 'rssi': -90, 'connection': '2_4GHZ'}]}
