1 1000
2 100410440
3 1000
5 348596340
6 1000
7 497507880
8 1000
9 507435979
10 1000
11 532538589
12 1000
13 780741069
14 1000
15 1028943549
16 Product 100 was successefully deleted
