1 ['ad8e9b26da6920bc2338c93eca6af404', 'ad8e9b26da6920bc2338c93eca6af404', 'ad8e9b26da6920bc2338c93eca6af404', 'ad8e9b26da6920bc2338c93eca6af404', 'ad8e9b26da6920bc2338c93eca6af404', 'ad8e9b26da6920bc2338c93eca6af404', 'ad8e9b26da6920bc2338c93eca6af404', 'ad8e9b26da6920bc2338c93eca6af404', 'ad8e9b26da6920bc2338c93eca6af404', 'ad8e9b26da6920bc2338c93eca6af404', 'ad8e9b26da6920bc2338c93eca6af404', 'ad8e9b26da6920bc2338c93eca6af404', 'ad8e9b26da6920bc2338c93eca6af404', 'ad8e9b26da6920bc2338c93eca6af404', 'ad8e9b26da6920bc2338c93eca6af404', 'ad8e9b26da6920bc2338c93eca6af404', 'ad8e9b26da6920bc2338c93eca6af404', 'ad8e9b26da6920bc2338c93eca6af404', 'ad8e9b26da6920bc2338c93eca6af404', 'ad8e9b26da6920bc2338c93eca6af404', 'ad8e9b26da6920bc2338c93eca6af404', 'ad8e9b26da6920bc2338c93eca6af404', 'ad8e9b26da6920bc2338c93eca6af404', 'ad8e9b26da6920bc2338c93eca6af404', 'ad8e9b26da6920bc2338c93eca6af404', 'ad8e9b26da6920bc2338c93eca6af404', 'ad8e9b26da6920bc2338c93eca6af404', 'ad8e9b26da6920bc2338c93eca6af404', 'ad8e9b26da6920bc2338c93eca6af404', 'ad8e9b26da6920bc2338c93eca6af404', 'ad8e9b26da6920bc2338c93eca6af404', 'ad8e9b26da6920bc2338c93eca6af404', 'ad8e9b26da6920bc2338c93eca6af404', 'ad8e9b26da6920bc2338c93eca6af404', 'ad8e9b26da6920bc2338c93eca6af404', 'ad8e9b26da6920bc2338c93eca6af404', 'ad8e9b26da6920bc2338c93eca6af404', 'ad8e9b26da6920bc2338c93eca6af404', 'ad8e9b26da6920bc2338c93eca6af404', 'ad8e9b26da6920bc2338c93eca6af404', 'ad8e9b26da6920bc2338c93eca6af404', 'ad8e9b26da6920bc2338c93eca6af404', 'ad8e9b26da6920bc2338c93eca6af404', 'ad8e9b26da6920bc2338c93eca6af404', 'ad8e9b26da6920bc2338c93eca6af404', 'ad8e9b26da6920bc2338c93eca6af404', 'ad8e9b26da6920bc2338c93eca6af404', 'ad8e9b26da6920bc2338c93eca6af404', 'ad8e9b26da6920bc2338c93eca6af404', 'ad8e9b26da6920bc2338c93eca6af404', 'ad8e9b26da6920bc2338c93eca6af404', 'ad8e9b26da6920bc2338c93eca6af404', 'ad8e9b26da6920bc2338c93eca6af404', 'ad8e9b26da6920bc2338c93eca6af404', 'ad8e9b26da6920bc2338c93eca6af404', 'ad8e9b26da6920bc2338c93eca6af404', 'ad8e9b26da6920bc2338c93eca6af404', 'ad8e9b26da6920bc2338c93eca6af404', 'ad8e9b26da6920bc2338c93eca6af404', 'ad8e9b26da6920bc2338c93eca6af404', 'ad8e9b26da6920bc2338c93eca6af404', 'ad8e9b26da6920bc2338c93eca6af404', 'ad8e9b26da6920bc2338c93eca6af404', 'ad8e9b26da6920bc2338c93eca6af404', 'ad8e9b26da6920bc2338c93eca6af404', 'ad8e9b26da6920bc2338c93eca6af404', 'ad8e9b26da6920bc2338c93eca6af404', 'ad8e9b26da6920bc2338c93eca6af404', 'ad8e9b26da6920bc2338c93eca6af404', 'ad8e9b26da6920bc2338c93eca6af404', 'ad8e9b26da6920bc2338c93eca6af404', 'ad8e9b26da6920bc2338c93eca6af404', 'ad8e9b26da6920bc2338c93eca6af404', 'ad8e9b26da6920bc2338c93eca6af404', 'ad8e9b26da6920bc2338c93eca6af404', 'ad8e9b26da6920bc2338c93eca6af404', 'ad8e9b26da6920bc2338c93eca6af404', 'ad8e9b26da6920bc2338c93eca6af404', 'ad8e9b26da6920bc2338c93eca6af404', 'ad8e9b26da6920bc2338c93eca6af404', 'ad8e9b26da6920bc2338c93eca6af404', 'ad8e9b26da6920bc2338c93eca6af404', 'ad8e9b26da6920bc2338c93eca6af404', 'ad8e9b26da6920bc2338c93eca6af404', 'ad8e9b26da6920bc2338c93eca6af404', 'ad8e9b26da6920bc2338c93eca6af404', 'ad8e9b26da6920bc2338c93eca6af404', 'ad8e9b26da6920bc2338c93eca6af404', 'ad8e9b26da6920bc2338c93eca6af404', 'ad8e9b26da6920bc2338c93eca6af404', 'ad8e9b26da6920bc2338c93eca6af404', 'ad8e9b26da6920bc2338c93eca6af404', 'ad8e9b26da6920bc2338c93eca6af404', 'ad8e9b26da6920bc2338c93eca6af404', 'ad8e9b26da6920bc2338c93eca6af404', 'ad8e9b26da6920bc2338c93eca6af404', 'ad8e9b26da6920bc2338c93eca6af404', 'ad8e9b26da6920bc2338c93eca6af404', 'ad8e9b26da6920bc2338c93eca6af404', 'ad8e9b26da6920bc2338c93eca6af404', 'ad8e9b26da6920bc2338c93eca6af404', 'ad8e9b26da6920bc2338c93eca6af404', 'ad8e9b26da6920bc2338c93eca6af404', 'ad8e9b26da6920bc2338c93eca6af404', 'ad8e9b26da6920bc2338c93eca6af404', 'ad8e9b26da6920bc2338c93eca6af404', 'ad8e9b26da6920bc2338c93eca6af404', 'ad8e9b26da6920bc2338c93eca6af404', 'ad8e9b26da6920bc2338c93eca6af404', 'ad8e9b26da6920bc2338c93eca6af404', 'ad8e9b26da6920bc2338c93eca6af404', 'ad8e9b26da6920bc2338c93eca6af404', 'ad8e9b26da6920bc2338c93eca6af404', 'ad8e9b26da6920bc2338c93eca6af404', 'ad8e9b26da6920bc2338c93eca6af404', 'ad8e9b26da6920bc2338c93eca6af404', 'ad8e9b26da6920bc2338c93eca6af404', 'ad8e9b26da6920bc2338c93eca6af404', 'ad8e9b26da6920bc2338c93eca6af404', 'ad8e9b26da6920bc2338c93eca6af404', 'ad8e9b26da6920bc2338c93eca6af404', 'ad8e9b26da6920bc2338c93eca6af404', 'ad8e9b26da6920bc2338c93eca6af404', 'ad8e9b26da6920bc2338c93eca6af404', 'ad8e9b26da6920bc2338c93eca6af404', 'ad8e9b26da6920bc2338c93eca6af404', 'ad8e9b26da6920bc2338c93eca6af404', 'ad8e9b26da6920bc2338c93eca6af404', 'ad8e9b26da6920bc2338c93eca6af404', 'ad8e9b26da6920bc2338c93eca6af404', 'ad8e9b26da6920bc2338c93eca6af404', 'ad8e9b26da6920bc2338c93eca6af404', 'ad8e9b26da6920bc2338c93eca6af404', 'ad8e9b26da6920bc2338c93eca6af404', 'ad8e9b26da6920bc2338c93eca6af404', 'ad8e9b26da6920bc2338c93eca6af404', 'ad8e9b26da6920bc2338c93eca6af404', 'ad8e9b26da6920bc2338c93eca6af404', 'ad8e9b26da6920bc2338c93eca6af404', 'ad8e9b26da6920bc2338c93eca6af404', 'ad8e9b26da6920bc2338c93eca6af404', 'ad8e9b26da6920bc2338c93eca6af404', 'ad8e9b26da6920bc2338c93eca6af404', 'ad8e9b26da6920bc2338c93eca6af404', 'ad8e9b26da6920bc2338c93eca6af404', 'ad8e9b26da6920bc2338c93eca6af404', 'ad8e9b26da6920bc2338c93eca6af404', 'ad8e9b26da6920bc2338c93eca6af404', 'ad8e9b26da6920bc2338c93eca6af404', 'ad8e9b26da6920bc2338c93eca6af404', 'ad8e9b26da6920bc2338c93eca6af404', 'ad8e9b26da6920bc2338c93eca6af404', 'ad8e9b26da6920bc2338c93eca6af404', 'ad8e9b26da6920bc2338c93eca6af404', 'ad8e9b26da6920bc2338c93eca6af404', 'ad8e9b26da6920bc2338c93eca6af404', 'ad8e9b26da6920bc2338c93eca6af404', 'ad8e9b26da6920bc2338c93eca6af404', 'ad8e9b26da6920bc2338c93eca6af404', 'ad8e9b26da6920bc2338c93eca6af404', 'ad8e9b26da6920bc2338c93eca6af404', 'ad8e9b26da6920bc2338c93eca6af404', 'ad8e9b26da6920bc2338c93eca6af404', 'ad8e9b26da6920bc2338c93eca6af404', 'ad8e9b26da6920bc2338c93eca6af404', 'ad8e9b26da6920bc2338c93eca6af404', 'ad8e9b26da6920bc2338c93eca6af404', 'ad8e9b26da6920bc2338c93eca6af404', 'ad8e9b26da6920bc2338c93eca6af404', 'ad8e9b26da6920bc2338c93eca6af404', 'ad8e9b26da6920bc2338c93eca6af404', 'ad8e9b26da6920bc2338c93eca6af404', 'ad8e9b26da6920bc2338c93eca6af404', 'ad8e9b26da6920bc2338c93eca6af404', 'ad8e9b26da6920bc2338c93eca6af404', 'ad8e9b26da6920bc2338c93eca6af404', 'ad8e9b26da6920bc2338c93eca6af404', 'ad8e9b26da6920bc2338c93eca6af404', 'ad8e9b26da6920bc2338c93eca6af404', 'ad8e9b26da6920bc2338c93eca6af404', 'ad8e9b26da6920bc2338c93eca6af404', 'ad8e9b26da6920bc2338c93eca6af404', 'ad8e9b26da6920bc2338c93eca6af404', 'ad8e9b26da6920bc2338c93eca6af404', 'ad8e9b26da6920bc2338c93eca6af404', 'ad8e9b26da6920bc2338c93eca6af404', 'ad8e9b26da6920bc2338c93eca6af404', 'ad8e9b26da6920bc2338c93eca6af404', 'ad8e9b26da6920bc2338c93eca6af404', 'ad8e9b26da6920bc2338c93eca6af404', 'ad8e9b26da6920bc2338c93eca6af404', 'ad8e9b26da6920bc2338c93eca6af404', 'ad8e9b26da6920bc2338c93eca6af404', 'ad8e9b26da6920bc2338c93eca6af404', 'ad8e9b26da6920bc2338c93eca6af404', 'ad8e9b26da6920bc2338c93eca6af404', 'ad8e9b26da6920bc2338c93eca6af404', 'ad8e9b26da6920bc2338c93eca6af404', 'ad8e9b26da6920bc2338c93eca6af404', 'ad8e9b26da6920bc2338c93eca6af404', 'ad8e9b26da6920bc2338c93eca6af404', 'ad8e9b26da6920bc2338c93eca6af404', 'ad8e9b26da6920bc2338c93eca6af404', 'ad8e9b26da6920bc2338c93eca6af404', 'ad8e9b26da6920bc2338c93eca6af404', 'ad8e9b26da6920bc2338c93eca6af404', 'ad8e9b26da6920bc2338c93eca6af404', 'ad8e9b26da6920bc2338c93eca6af404', 'ad8e9b26da6920bc2338c93eca6af404', 'ad8e9b26da6920bc2338c93eca6af404', 'ad8e9b26da6920bc2338c93eca6af404', 'ad8e9b26da6920bc2338c93eca6af404', 'ad8e9b26da6920bc2338c93eca6af404', 'ad8e9b26da6920bc2338c93eca6af404', 'ad8e9b26da6920bc2338c93eca6af404', 'ad8e9b26da6920bc2338c93eca6af404', 'ad8e9b26da6920bc2338c93eca6af404', 'ad8e9b26da6920bc2338c93eca6af404', 'ad8e9b26da6920bc2338c93eca6af404', 'ad8e9b26da6920bc2338c93eca6af404', 'ad8e9b26da6920bc2338c93eca6af404', 'ad8e9b26da6920bc2338c93eca6af404', 'ad8e9b26da6920bc2338c93eca6af404', 'ad8e9b26da6920bc2338c93eca6af404', 'ad8e9b26da6920bc2338c93eca6af404', 'ad8e9b26da6920bc2338c93eca6af404', 'ad8e9b26da6920bc2338c93eca6af404', 'ad8e9b26da6920bc2338c93eca6af404', 'ad8e9b26da6920bc2338c93eca6af404', 'ad8e9b26da6920bc2338c93eca6af404', 'ad8e9b26da6920bc2338c93eca6af404', 'ad8e9b26da6920bc2338c93eca6af404', 'ad8e9b26da6920bc2338c93eca6af404', 'ad8e9b26da6920bc2338c93eca6af404', 'ad8e9b26da6920bc2338c93eca6af404', 'ad8e9b26da6920bc2338c93eca6af404', 'ad8e9b26da6920bc2338c93eca6af404', 'ad8e9b26da6920bc2338c93eca6af404', 'ad8e9b26da6920bc2338c93eca6af404', 'ad8e9b26da6920bc2338c93eca6af404', 'ad8e9b26da6920bc2338c93eca6af404', 'ad8e9b26da6920bc2338c93eca6af404', 'ad8e9b26da6920bc2338c93eca6af404', 'ad8e9b26da6920bc2338c93eca6af404', 'ad8e9b26da6920bc2338c93eca6af404', 'ad8e9b26da6920bc2338c93eca6af404', 'ad8e9b26da6920bc2338c93eca6af404', 'ad8e9b26da6920bc2338c93eca6af404', 'ad8e9b26da6920bc2338c93eca6af404', 'ad8e9b26da6920bc2338c93eca6af404', 'ad8e9b26da6920bc2338c93eca6af404', 'ad8e9b26da6920bc2338c93eca6af404', 'ad8e9b26da6920bc2338c93eca6af404', 'ad8e9b26da6920bc2338c93eca6af404', 'ad8e9b26da6920bc2338c93eca6af404', 'ad8e9b26da6920bc2338c93eca6af404', 'ad8e9b26da6920bc2338c93eca6af404', 'ad8e9b26da6920bc2338c93eca6af404', 'ad8e9b26da6920bc2338c93eca6af404', 'ad8e9b26da6920bc2338c93eca6af404', 'ad8e9b26da6920bc2338c93eca6af404', 'ad8e9b26da6920bc2338c93eca6af404', 'ad8e9b26da6920bc2338c93eca6af404', 'ad8e9b26da6920bc2338c93eca6af404', 'ad8e9b26da6920bc2338c93eca6af404']
